#-----------------------------------------------------------
# Vivado v2020.2 (64-bit)
# SW Build 3064766 on Wed Nov 18 09:12:45 MST 2020
# IP Build 3064653 on Wed Nov 18 14:17:31 MST 2020
# Start of session at: Mon Jan 22 12:38:06 2024
# Process ID: 13240
# Current directory: C:/Users/Jalal/Desktop/FPGAs/N-bit-Multiplier
# Command line: vivado.exe -gui_launcher_event rodinguilauncherevent10596 C:\Users\Jalal\Desktop\FPGAs\N-bit-Multiplier\N-bit_multiplier.xpr
# Log file: C:/Users/Jalal/Desktop/FPGAs/N-bit-Multiplier/vivado.log
# Journal file: C:/Users/Jalal/Desktop/FPGAs/N-bit-Multiplier\vivado.jou
#-----------------------------------------------------------
start_gui
open_project C:/Users/Jalal/Desktop/FPGAs/N-bit-Multiplier/N-bit_multiplier.xpr
launch_simulation -simset [get_filesets sim_5 ]
source multiplier_nbits_tb.tcl
close_sim
launch_simulation -simset [get_filesets sim_5 ]
source multiplier_nbits_tb.tcl
close_sim
launch_simulation -simset [get_filesets sim_5 ]
source multiplier_nbits_tb.tcl
set_property -name {xsim.simulate.runtime} -value {1000ns} -objects [get_filesets sim_5]
restart
run 500 ns
run 500 ns
close_sim
launch_simulation -simset [get_filesets sim_5 ]
source multiplier_nbits_tb.tcl
close_sim
launch_simulation -simset [get_filesets sim_5 ]
source multiplier_nbits_tb.tcl
close_sim
launch_simulation -simset [get_filesets sim_5 ]
source multiplier_nbits_tb.tcl
run all
run 500 ns
run 500 ns
run 500 ns
close_sim
launch_simulation -simset [get_filesets sim_5 ]
source multiplier_nbits_tb.tcl
run 500 ns
run 500 ns
close_sim
