#-----------------------------------------------------------
# Vivado v2020.2 (64-bit)
# SW Build 3064766 on Wed Nov 18 09:12:45 MST 2020
# IP Build 3064653 on Wed Nov 18 14:17:31 MST 2020
# Start of session at: Sat Nov 11 19:31:56 2023
# Process ID: 2976
# Current directory: C:/Users/aa409t/Desktop/FPGA intern/multiply
# Command line: vivado.exe -gui_launcher_event rodinguilauncherevent4264 C:\Users\aa409t\Desktop\FPGA intern\multiply\multiply.xpr
# Log file: C:/Users/aa409t/Desktop/FPGA intern/multiply/vivado.log
# Journal file: C:/Users/aa409t/Desktop/FPGA intern/multiply\vivado.jou
#-----------------------------------------------------------
start_gui
open_project {C:/Users/aa409t/Desktop/FPGA intern/multiply/multiply.xpr}
update_compile_order -fileset sources_1
launch_simulation
launch_simulation
source multiplier_nbits_tb.tcl
add_bp {C:/Users/aa409t/Desktop/FPGA intern/multiply/multiply.srcs/sim_1/new/multiplier_nbits_tb.vhd} 45
remove_bps -file {C:/Users/aa409t/Desktop/FPGA intern/multiply/multiply.srcs/sim_1/new/multiplier_nbits_tb.vhd} -line 45
add_bp {C:/Users/aa409t/Desktop/FPGA intern/multiply/multiply.srcs/sim_1/new/multiplier_nbits_tb.vhd} 47
remove_bps -file {C:/Users/aa409t/Desktop/FPGA intern/multiply/multiply.srcs/sim_1/new/multiplier_nbits_tb.vhd} -line 47
close_sim
launch_simulation
source multiplier_nbits_tb.tcl
close_sim
